[www.foodserviceindia.com/wp-content/themes/vkl/images/favicon.png]
[backblue.gif]
[fade.gif]
[index.html]
[www.foodserviceindia.com/wp-includes/js/jquery/jqueryb8ff.js]
[www.foodserviceindia.com/feed/index.html]
[www.foodserviceindia.com/comments/feed/index.html]
[www.foodserviceindia.com/xmlrpc0db0.php]
[www.foodserviceindia.com/wp-json/index.html]
[www.foodserviceindia.com/wp-content/cache/autoptimize/css/autoptimize_f3c28b8cc42cbe0a1a0f286e46cefd36.css]
[www.foodserviceindia.com/wp-includes/wlwmanifest.xml]
[www.foodserviceindia.com/wp-json/oembed/1.0/embed9661.json]
[www.foodserviceindia.com/wp-content/themes/vkl/images/logo.png]
[www.foodserviceindia.com/wp-content/themes/vkl/images/search-icon.png]
[www.foodserviceindia.com/wp-content/uploads/2017/04/home1.jpg]
[www.foodserviceindia.com/wp-content/uploads/2016/12/Bandaru-Yadaiah.jpg]
[www.foodserviceindia.com/wp-content/uploads/2017/04/home2.jpg]
[www.foodserviceindia.com/wp-content/uploads/2017/04/home3.jpg]
[www.foodserviceindia.com/wp-content/uploads/2017/03/noImage.jpg]
[www.foodserviceindia.com/wp-content/uploads/2018/04/Packshot-01-e1522911608884.png]
[www.foodserviceindia.com/wp-content/uploads/2017/11/Webp.net-resizeimage.jpg]
[www.foodserviceindia.com/wp-content/uploads/2016/12/rsz_damour_range_shot4-2.jpg]
[www.foodserviceindia.com/wp-content/uploads/2016/12/springBurst_home-1.jpg]
[www.foodserviceindia.com/wp-content/uploads/2016/12/CA-range-shot-new_05-June-2017.jpg]
[www.foodserviceindia.com/wp-content/uploads/2016/12/Sunbay_homepage-1.jpg]
[www.foodserviceindia.com/wp-content/uploads/2016/12/marimBula_homepage-1.jpg]
[www.foodserviceindia.com/wp-content/uploads/2016/12/spice_field_homepage-4.jpg]
[www.foodserviceindia.com/wp-content/themes/vkl/images/handWidPlate.png]
[www.foodserviceindia.com/wp-content/uploads/2016/12/m2.png]
[www.foodserviceindia.com/wp-content/uploads/2016/12/m3.png]
[www.foodserviceindia.com/wp-content/uploads/2016/12/m1.png]
[s0.wp.com/wp-content/js/devicepx-jetpack313e.js]
[secure.gravatar.com/js/gprofilese240.js]
[stats.wp.com/e-202244.js]
[www.foodserviceindia.com/wp-content/themes/vkl/images/rightArow.png]
[www.foodserviceindia.com/index.html]
[www.googletagmanager.com/gtm5445.html]
[www.foodserviceindia.com/xmlrpc.php]
[www.foodserviceindia.com/wp-content/plugins/followers/public/fonts/fontawesome-webfont78ce.eot]
[www.foodserviceindia.com/wp-content/plugins/ajax-file-upload/assets/fontello/font/afu75dd.eot]
[www.foodserviceindia.com/wp-content/plugins/contact-form-7/images/ajax-loader.gif]
[www.foodserviceindia.com/wp-content/plugins/easy-testimonials/include/assets/fonts/dashicons.eot]
[www.foodserviceindia.com/wp-content/plugins/our-services-showcase/inc/fonts/fontawesome-webfonte0a5.eot]
[www.foodserviceindia.com/wp-content/plugins/ultimate-faqs/images/insert_link.png]
[www.foodserviceindia.com/wp-content/cache/autoptimize/js/autoptimize_19f08cac6f1a3c5ec4a018f1d83358a3.js]
[www.foodserviceindia.com/wp-content/plugins/wp-job-manager/assets/images/chosen-sprite.png]
[www.foodserviceindia.com/wp-content/plugins/wp-job-manager/assets/font/job-managerb16d.eot]
[www.foodserviceindia.com/wp-content/themes/vkl/fonts/fontawesome-webfont5b62.eot]
[www.foodserviceindia.com/wp-content/themes/vkl/fonts/icomoonbfcf.ttf]
[www.foodserviceindia.com/wp-content/themes/vkl/fonts/glyphicons-halflings-regular.eot]
[www.foodserviceindia.com/wp-content/cache/autoptimize/css/autoptimize_f3c28b8cc42cbe0a1a0f286e46cefd36.css]
[www.foodserviceindia.com/brands/spring-burst/index.html]
[www.foodserviceindia.com/brands/chefs-art/index.html]
[www.foodserviceindia.com/brands/sunbay/index.html]
[www.foodserviceindia.com/brands/marimbula/index.html]
[www.foodserviceindia.com/brands/spicefield/index.html]
[www.foodserviceindia.com/brands/damour/index.html]
[www.foodserviceindia.com/services/index.html]
[www.foodserviceindia.com/featured-chefs-recipe/index.html]
[www.foodserviceindia.com/all-recipes/index.html]
